
Config::cmdline_descUsage: %s [Options] [args]
Options
  --app                 application filename, zero pos skipped                          
  --arg-1               argument one                                                    
  --args                rest of arguments                                             []
  --boo -[b]            a boolean arg                                                 false
  --daemon              Start process in background mode                              true
  --debug               Shortcut to --logging-level debug                             false
  --f64s                a list of doubles                                             []
  --false               token defaults to false                                       false
  --float64             a double arg                                                  3.12
  --help -[h]           Show this help message and exit                               true
  --help-config         Show help message for config properties                       true
  --i16                 16-bit integer                                                1 
  --i32                 32-bit integer                                                0 
  --i64                 64-bit integer                                                1 
  --int64s              a list of 64-bit integers                                     []
  --is_true             if set token true                                             false
  --logging-level -[l]  Logging level: debug|info|notice|warn|error|crit|alert|fatal  INFO  # (6)
  --quiet               Negate verbose                                                false
  --skip1               a skipped token                                               true
  --skip2               a skipped token                                               true
  --string -[str, s]    a string arg                                                  A Default std::string Value
  --strs                a list of strings                                             []
  --swc.cfg             Main configuration file                                       swc.cfg
  --true                token defaults to true                                        true
  --verbose             Show more verbose output                                      false
  --version -[v]        Show version information and exit                             true
arg-1=argOne
boo=true
f64s=[1.123, 1123, 1.123e+06, 1.123e+09]
float64=1.1234
i16=1000
i32=64000
i64=1000000000
int64s=[1000000000, 2000000000, 3000000000]
is_true=true
string=aStringNoSpaces
strs=[1, 2, 3, 4, 5, 6]
swc.cfg=./properties_parser_test.cfg

Config::file_desc
  --aGroupOne.arg.1    a group arg                                                   0 
  --aGroupOne.arg.2    a group arg                                                   0 
  --aGroupOne.arg.3    a group arg                                                   0 
  --aGroupOne.arg.4    a group arg                                                   0 
  --aGroupOne.arg.5    a group arg                                                   0 
  --boo                a boolean arg                                                 false
  --f64s               a list of doubles                                             []
  --float64            a double arg                                                  3.12
  --i16                16-bit integer                                                1 
  --i32                32-bit integer                                                0 
  --i64                64-bit integer                                                1 
  --int64s             a list of 64-bit integers                                     []
  --is_no_bool         a boolean arg                                                 true
  --is_one_bool        a boolean arg                                                 false
  --is_rest_bool       a boolean arg                                                 true
  --is_true_bool       a boolean arg                                                 false
  --is_yes_bool        a boolean arg                                                 false
  --missing            a string arg                                                  a missing string in cfg file, default applies
  --string             a string arg                                                  A Default std::string Value
  --string.qouted      a string arg                                                  A Default std::string Value
  --strs               a list of strings                                             []
  --swc.logging.level  Logging level: debug|info|notice|warn|error|crit|alert|fatal  INFO  # (6)

Config::file_desc
  --aGroupOne.arg.1    a group arg                                                   0 
  --aGroupOne.arg.2    a group arg                                                   0 
  --aGroupOne.arg.3    a group arg                                                   0 
  --aGroupOne.arg.4    a group arg                                                   0 
  --aGroupOne.arg.5    a group arg                                                   0 
  --boo                a boolean arg                                                 false
  --f64s               a list of doubles                                             []
  --float64            a double arg                                                  3.12
  --i16                16-bit integer                                                1 
  --i32                32-bit integer                                                0 
  --i64                64-bit integer                                                1 
  --int64s             a list of 64-bit integers                                     []
  --is_no_bool         a boolean arg                                                 true
  --is_one_bool        a boolean arg                                                 false
  --is_rest_bool       a boolean arg                                                 true
  --is_true_bool       a boolean arg                                                 false
  --is_yes_bool        a boolean arg                                                 false
  --missing            a string arg                                                  a missing string in cfg file, default applies
  --string             a string arg                                                  A Default std::string Value
  --string.qouted      a string arg                                                  A Default std::string Value
  --strs               a list of strings                                             []
  --swc.logging.level  Logging level: debug|info|notice|warn|error|crit|alert|fatal  INFO  # (6)
Usage: %s [Options] [args]
Options
  --aGroupOne.arg.1     a group arg                                                   0 
  --aGroupOne.arg.2     a group arg                                                   0 
  --aGroupOne.arg.3     a group arg                                                   0 
  --aGroupOne.arg.4     a group arg                                                   0 
  --aGroupOne.arg.5     a group arg                                                   0 
  --app                 application filename, zero pos skipped                          
  --arg-1               argument one                                                    
  --args                rest of arguments                                             []
  --boo                 a boolean arg                                                 false
  --daemon              Start process in background mode                              true
  --debug               Shortcut to --logging-level debug                             false
  --f64s                a list of doubles                                             []
  --false               token defaults to false                                       false
  --float64             a double arg                                                  3.12
  --help -[h]           Show this help message and exit                               true
  --help-config         Show help message for config properties                       true
  --i16                 16-bit integer                                                1 
  --i32                 32-bit integer                                                0 
  --i64                 64-bit integer                                                1 
  --int64s              a list of 64-bit integers                                     []
  --is_no_bool          a boolean arg                                                 true
  --is_one_bool         a boolean arg                                                 false
  --is_rest_bool        a boolean arg                                                 true
  --is_true             if set token true                                             false
  --is_true_bool        a boolean arg                                                 false
  --is_yes_bool         a boolean arg                                                 false
  --logging-level -[l]  Logging level: debug|info|notice|warn|error|crit|alert|fatal  INFO  # (6)
  --missing             a string arg                                                  a missing string in cfg file, default applies
  --quiet               Negate verbose                                                false
  --skip1               a skipped token                                               true
  --skip2               a skipped token                                               true
  --string              a string arg                                                  A Default std::string Value
  --string.qouted       a string arg                                                  A Default std::string Value
  --strs                a list of strings                                             []
  --swc.cfg             Main configuration file                                       swc.cfg
  --swc.logging.level   Logging level: debug|info|notice|warn|error|crit|alert|fatal  INFO  # (6)
  --true                token defaults to true                                        true
  --verbose             Show more verbose output                                      false
  --version -[v]        Show version information and exit                             true
*** Raw Parsed Options:
aGroupOne.arg.1=[1]
aGroupOne.arg.2=[2]
aGroupOne.arg.3=[3]
aGroupOne.arg.4=[4]
aGroupOne.arg.5=[5]
boo=[true]
f64s=[1.123, 1.123K, 1.123M, 1.123g]
float64=[1.1234]
i16=[64000]
i32=[640K]
i64=[10G]
int64s=[1G, 2G, 3G]
is_no_bool=[false]
is_one_bool=[1]
is_rest_bool=[DefaultFalse]
is_true_bool=[True]
is_yes_bool=[yEs]
string=[aStringNoSpaces]
string.qouted=[a   S t r i n g   W i t h    S p a c e s]
strs=[StringOne, StringTwo, StringThree]
*** Parsed Options:
aGroupOne.arg.1=1
aGroupOne.arg.2=2
aGroupOne.arg.3=3
aGroupOne.arg.4=4
aGroupOne.arg.5=5
boo=true
debug=false
f64s=[1.123, 1123, 1.123e+06, 1.123e+09]
false=false
float64=1.1234
i16=64000
i32=640000
i64=10000000000
int64s=[1000000000, 2000000000, 3000000000]
is_no_bool=false
is_one_bool=true
is_rest_bool=false
is_true=false
is_true_bool=true
is_yes_bool=true
logging-level=INFO  # (6)
missing=a missing string in cfg file, default applies
quiet=false
string=aStringNoSpaces
string.qouted=a   S t r i n g   W i t h    S p a c e s
strs=[StringOne, StringTwo, StringThree]
swc.cfg=swc.cfg
swc.logging.level=INFO  # (6)
true=true
verbose=false
true
aGroupOne.arg.1=1
aGroupOne.arg.2=2
aGroupOne.arg.3=3
aGroupOne.arg.4=4
aGroupOne.arg.5=5
boo=true
debug=false (default)
dummy=true
f64s=[1.123, 1123, 1.123e+06, 1.123e+09]
false=false (default)
float64=1.1234
i16=64000
i32=640000
i64=10000000000
int64s=[1000000000, 2000000000, 3000000000]
is_no_bool=false
is_one_bool=true
is_rest_bool=false
is_true=false (default)
is_true_bool=true
is_yes_bool=true
logging-level=INFO  # (6) (default)
missing=a missing string in cfg file, default applies (default)
quiet=false (default)
string=aStringNoSpaces
string.qouted=a   S t r i n g   W i t h    S p a c e s
strs=[StringOne, StringTwo, StringThree]
swc.cfg=swc.cfg (default)
swc.logging.level=INFO  # (6) (default)
true=true (default)
verbose=false (default)
